// Jest Snapshot v1, https://goo.gl/fbAQLP

exports[`qwe renders properly 1`] = `ShallowWrapper {}`;
