// Jest Snapshot v1, https://goo.gl/fbAQLP

exports[`Item list component testing renders properly 1`] = `
Object {
  "asFragment": [Function],
  "baseElement": <body>
    <div>
      <ul
        class="list-group todo-list"
      >
        <li
          class="list-group-item"
        >
          <span
            class="todo-list-item"
          >
            <div>
              <input
                class="checkbox-circle"
                type="checkbox"
              />
              test item 1
            </div>
            <button
              class="float-right delete-btn"
              type="button"
            >
              <i
                class="bi bi-trash"
              />
            </button>
          </span>
        </li>
        <li
          class="list-group-item"
        >
          <span
            class="todo-list-item"
          >
            <div>
              <input
                checked=""
                class="checkbox-circle"
                type="checkbox"
              />
              test item 2
            </div>
            <button
              class="float-right delete-btn"
              type="button"
            >
              <i
                class="bi bi-trash"
              />
            </button>
          </span>
        </li>
        <li
          class="list-group-item"
        >
          <span
            class="todo-list-item"
          >
            <div>
              <input
                class="checkbox-circle"
                type="checkbox"
              />
              test item 3
            </div>
            <button
              class="float-right delete-btn"
              type="button"
            >
              <i
                class="bi bi-trash"
              />
            </button>
          </span>
        </li>
      </ul>
    </div>
  </body>,
  "container": <div>
    <ul
      class="list-group todo-list"
    >
      <li
        class="list-group-item"
      >
        <span
          class="todo-list-item"
        >
          <div>
            <input
              class="checkbox-circle"
              type="checkbox"
            />
            test item 1
          </div>
          <button
            class="float-right delete-btn"
            type="button"
          >
            <i
              class="bi bi-trash"
            />
          </button>
        </span>
      </li>
      <li
        class="list-group-item"
      >
        <span
          class="todo-list-item"
        >
          <div>
            <input
              checked=""
              class="checkbox-circle"
              type="checkbox"
            />
            test item 2
          </div>
          <button
            class="float-right delete-btn"
            type="button"
          >
            <i
              class="bi bi-trash"
            />
          </button>
        </span>
      </li>
      <li
        class="list-group-item"
      >
        <span
          class="todo-list-item"
        >
          <div>
            <input
              class="checkbox-circle"
              type="checkbox"
            />
            test item 3
          </div>
          <button
            class="float-right delete-btn"
            type="button"
          >
            <i
              class="bi bi-trash"
            />
          </button>
        </span>
      </li>
    </ul>
  </div>,
  "debug": [Function],
  "findAllByAltText": [Function],
  "findAllByDisplayValue": [Function],
  "findAllByLabelText": [Function],
  "findAllByPlaceholderText": [Function],
  "findAllByRole": [Function],
  "findAllByTestId": [Function],
  "findAllByText": [Function],
  "findAllByTitle": [Function],
  "findByAltText": [Function],
  "findByDisplayValue": [Function],
  "findByLabelText": [Function],
  "findByPlaceholderText": [Function],
  "findByRole": [Function],
  "findByTestId": [Function],
  "findByText": [Function],
  "findByTitle": [Function],
  "getAllByAltText": [Function],
  "getAllByDisplayValue": [Function],
  "getAllByLabelText": [Function],
  "getAllByPlaceholderText": [Function],
  "getAllByRole": [Function],
  "getAllByTestId": [Function],
  "getAllByText": [Function],
  "getAllByTitle": [Function],
  "getByAltText": [Function],
  "getByDisplayValue": [Function],
  "getByLabelText": [Function],
  "getByPlaceholderText": [Function],
  "getByRole": [Function],
  "getByTestId": [Function],
  "getByText": [Function],
  "getByTitle": [Function],
  "queryAllByAltText": [Function],
  "queryAllByDisplayValue": [Function],
  "queryAllByLabelText": [Function],
  "queryAllByPlaceholderText": [Function],
  "queryAllByRole": [Function],
  "queryAllByTestId": [Function],
  "queryAllByText": [Function],
  "queryAllByTitle": [Function],
  "queryByAltText": [Function],
  "queryByDisplayValue": [Function],
  "queryByLabelText": [Function],
  "queryByPlaceholderText": [Function],
  "queryByRole": [Function],
  "queryByTestId": [Function],
  "queryByText": [Function],
  "queryByTitle": [Function],
  "rerender": [Function],
  "unmount": [Function],
}
`;
